2026-04-06 03:19:46 | INFO | event=settings_updated auth_mode=1 listen_port=9000 max_clients=50 server_name="Study Lab Exam Server"
2026-04-06 03:22:11 | INFO | 事件=设置已更新 最大连接数=50 服务端名称="Study Lab Exam Server" 监听端口=9000 认证模式=1
2026-04-06 03:22:18 | INFO | 事件=请求启动服务 主机地址=198.18.0.1 端口=9000
2026-04-06 03:22:18 | INFO | 事件=服务已启动 主机地址=198.18.0.1 端口=9000
2026-04-06 03:22:18 | INFO | 事件=实时服务已启动
2026-04-06 03:23:02 | INFO | 事件=客户端已连接 IP地址=198.18.0.1 客户端ID=VZMpVWGI 认证模式=1 设备名称=MoZhi-G
2026-04-06 03:23:05 | INFO | 事件=认证成功 客户端ID=VZMpVWGI 用户名=123 认证模式=1
2026-04-06 03:23:08 | INFO | 事件=考试已启用 考试名称=测试考试
2026-04-06 03:23:08 | INFO | 事件=已启用考试列表已广播 已启用数量=1
2026-04-06 03:23:08 | INFO | 事件=考试状态切换 已启用=True 是否成功=True 消息=考试已启用 考试名称=测试考试
2026-04-06 03:23:11 | INFO | 事件=考试记录已写入 客户端ID=VZMpVWGI 状态=in_progress 考试名称=测试考试
2026-04-06 03:23:11 | INFO | 事件=开始下发试卷 客户端ID=VZMpVWGI 数据大小=2490 考试名称=测试考试
2026-04-06 03:23:11 | INFO | 事件=试卷下发完成 客户端ID=VZMpVWGI 考试名称=测试考试
2026-04-06 03:23:23 | INFO | 事件=收到交卷请求 客户端ID=VZMpVWGI 考试名称=测试考试
2026-04-06 03:23:23 | INFO | 事件=交卷结果已返回 分数=18 客户端ID=VZMpVWGI 显示分数=1 显示答案=1 考试名称=测试考试
2026-04-06 03:23:23 | INFO | 事件=交卷写盘任务已入队 客户端ID=VZMpVWGI 考试名称=测试考试 队列长度=1
2026-04-06 03:23:23 | INFO | 事件=交卷数据已落盘 客户端ID=VZMpVWGI 考试名称=测试考试 路径=D:\Program\code\Study_Lab\exam_server\exam_bank\测试考试\user_submission\123_VZMpVWGI_MoZhi-G_submission.json
2026-04-06 03:25:28 | INFO | 事件=客户端连接断开 客户端ID=VZMpVWGI
2026-04-06 03:25:28 | INFO | 事件=客户端已移除 客户端ID=VZMpVWGI
2026-04-06 03:30:09 | INFO | 事件=设置已更新 最大连接数=50 服务端名称="Study Lab Exam Server" 监听端口=9000 认证模式=1
2026-04-06 03:30:22 | INFO | 事件=请求启动服务 主机地址=198.18.0.1 端口=9000
2026-04-06 03:30:22 | INFO | 事件=服务已启动 主机地址=198.18.0.1 端口=9000
2026-04-06 03:30:23 | INFO | 事件=实时服务已启动
2026-04-06 03:30:24 | INFO | 事件=考试已启用 考试名称=测试考试
2026-04-06 03:30:24 | INFO | 事件=已启用考试列表已广播 已启用数量=1
2026-04-06 03:30:24 | INFO | 事件=考试状态切换 已启用=True 是否成功=True 消息=考试已启用 考试名称=测试考试
2026-04-06 03:30:36 | INFO | 事件=客户端已连接 IP地址=198.18.0.1 客户端ID=8Flk8E5x 认证模式=1 设备名称=MoZhi-G
2026-04-06 03:30:37 | INFO | 事件=认证成功 客户端ID=8Flk8E5x 用户名=123 认证模式=1
2026-04-06 03:30:39 | INFO | 事件=考试记录已写入 客户端ID=8Flk8E5x 状态=in_progress 考试名称=测试考试
2026-04-06 03:30:39 | INFO | 事件=开始下发试卷 客户端ID=8Flk8E5x 数据大小=2490 考试名称=测试考试
2026-04-06 03:30:39 | INFO | 事件=试卷下发完成 客户端ID=8Flk8E5x 考试名称=测试考试
2026-04-06 03:30:48 | INFO | 事件=收到交卷请求 客户端ID=8Flk8E5x 考试名称=测试考试
2026-04-06 03:30:48 | INFO | 事件=交卷结果已返回 分数=15 客户端ID=8Flk8E5x 显示分数=1 显示答案=1 考试名称=测试考试
2026-04-06 03:30:48 | INFO | 事件=交卷写盘任务已入队 客户端ID=8Flk8E5x 考试名称=测试考试 队列长度=1
2026-04-06 03:30:48 | INFO | 事件=交卷数据已落盘 客户端ID=8Flk8E5x 考试名称=测试考试 路径=D:\Program\code\Study_Lab\exam_server\exam_bank\测试考试\user_submission\123_8Flk8E5x_MoZhi-G_submission.json
